2026-08-20 12:50:04,901 - INFO - Loading faiss with AVX2 support.
2026-08-20 12:50:04,921 - INFO - Successfully loaded faiss with AVX2 support.
2026-08-20 12:50:06,128 - DEBUG - matplotlib data path: /node_data/urp26su_dongwoo/anaconda3/envs/conceptgraph/lib/python3.10/site-packages/matplotlib/mpl-data
2026-08-20 12:50:06,133 - DEBUG - CONFIGDIR=/node_data/urp26su_dongwoo/.config/matplotlib
2026-08-20 12:50:06,134 - DEBUG - interactive is False
2026-08-20 12:50:06,134 - DEBUG - platform is linux
2026-08-20 12:50:06,151 - DEBUG - CACHEDIR=/node_data/urp26su_dongwoo/.cache/matplotlib
2026-08-20 12:50:06,154 - DEBUG - Using fontManager instance from /node_data/urp26su_dongwoo/.cache/matplotlib/fontlist-v390.json
2026-08-20 12:50:06,344 - DEBUG - Loaded backend Agg version v2.2.
2026-08-20 12:50:06,915 - DEBUG - Setting JobRuntime:name=UNKNOWN_NAME
2026-08-20 12:50:06,915 - DEBUG - Setting JobRuntime:name=combine_scene_vis_grid
2026-08-20 12:56:36,734 - INFO - Loading faiss with AVX2 support.
2026-08-20 12:56:36,752 - INFO - Successfully loaded faiss with AVX2 support.
2026-08-20 12:56:37,997 - DEBUG - matplotlib data path: /node_data/urp26su_dongwoo/anaconda3/envs/conceptgraph/lib/python3.10/site-packages/matplotlib/mpl-data
2026-08-20 12:56:38,001 - DEBUG - CONFIGDIR=/node_data/urp26su_dongwoo/.config/matplotlib
2026-08-20 12:56:38,002 - DEBUG - interactive is False
2026-08-20 12:56:38,003 - DEBUG - platform is linux
2026-08-20 12:56:38,021 - DEBUG - CACHEDIR=/node_data/urp26su_dongwoo/.cache/matplotlib
2026-08-20 12:56:38,023 - DEBUG - Using fontManager instance from /node_data/urp26su_dongwoo/.cache/matplotlib/fontlist-v390.json
2026-08-20 12:56:38,211 - DEBUG - Loaded backend Agg version v2.2.
2026-08-20 12:56:38,773 - DEBUG - Setting JobRuntime:name=UNKNOWN_NAME
2026-08-20 12:56:38,773 - DEBUG - Setting JobRuntime:name=combine_scene_vis_grid
2026-08-20 13:59:42,351 - INFO - Loading faiss with AVX2 support.
2026-08-20 13:59:42,371 - INFO - Successfully loaded faiss with AVX2 support.
2026-08-20 13:59:43,601 - DEBUG - matplotlib data path: /node_data/urp26su_dongwoo/anaconda3/envs/conceptgraph/lib/python3.10/site-packages/matplotlib/mpl-data
2026-08-20 13:59:43,606 - DEBUG - CONFIGDIR=/node_data/urp26su_dongwoo/.config/matplotlib
2026-08-20 13:59:43,607 - DEBUG - interactive is False
2026-08-20 13:59:43,607 - DEBUG - platform is linux
2026-08-20 13:59:43,624 - DEBUG - CACHEDIR=/node_data/urp26su_dongwoo/.cache/matplotlib
2026-08-20 13:59:43,627 - DEBUG - Using fontManager instance from /node_data/urp26su_dongwoo/.cache/matplotlib/fontlist-v390.json
2026-08-20 13:59:43,811 - DEBUG - Loaded backend Agg version v2.2.
2026-08-20 13:59:44,361 - DEBUG - Setting JobRuntime:name=UNKNOWN_NAME
2026-08-20 13:59:44,361 - DEBUG - Setting JobRuntime:name=combine_scene_vis_grid
2026-08-20 14:02:32,391 - INFO - Loading faiss with AVX2 support.
2026-08-20 14:02:32,409 - INFO - Successfully loaded faiss with AVX2 support.
2026-08-20 14:02:33,619 - DEBUG - matplotlib data path: /node_data/urp26su_dongwoo/anaconda3/envs/conceptgraph/lib/python3.10/site-packages/matplotlib/mpl-data
2026-08-20 14:02:33,623 - DEBUG - CONFIGDIR=/node_data/urp26su_dongwoo/.config/matplotlib
2026-08-20 14:02:33,624 - DEBUG - interactive is False
2026-08-20 14:02:33,624 - DEBUG - platform is linux
2026-08-20 14:02:33,641 - DEBUG - CACHEDIR=/node_data/urp26su_dongwoo/.cache/matplotlib
2026-08-20 14:02:33,644 - DEBUG - Using fontManager instance from /node_data/urp26su_dongwoo/.cache/matplotlib/fontlist-v390.json
2026-08-20 14:02:33,827 - DEBUG - Loaded backend Agg version v2.2.
2026-08-20 14:02:34,381 - DEBUG - Setting JobRuntime:name=UNKNOWN_NAME
2026-08-20 14:02:34,381 - DEBUG - Setting JobRuntime:name=combine_scene_vis_grid
2026-08-20 15:48:27,356 - INFO - Loading faiss with AVX2 support.
2026-08-20 15:48:27,375 - INFO - Successfully loaded faiss with AVX2 support.
2026-08-20 15:48:28,584 - DEBUG - matplotlib data path: /node_data/urp26su_dongwoo/anaconda3/envs/conceptgraph/lib/python3.10/site-packages/matplotlib/mpl-data
2026-08-20 15:48:28,588 - DEBUG - CONFIGDIR=/node_data/urp26su_dongwoo/.config/matplotlib
2026-08-20 15:48:28,589 - DEBUG - interactive is False
2026-08-20 15:48:28,589 - DEBUG - platform is linux
2026-08-20 15:48:28,607 - DEBUG - CACHEDIR=/node_data/urp26su_dongwoo/.cache/matplotlib
2026-08-20 15:48:28,610 - DEBUG - Using fontManager instance from /node_data/urp26su_dongwoo/.cache/matplotlib/fontlist-v390.json
2026-08-20 15:48:28,795 - DEBUG - Loaded backend Agg version v2.2.
2026-08-20 15:48:35,528 - INFO - Loading faiss with AVX2 support.
2026-08-20 15:48:35,545 - INFO - Successfully loaded faiss with AVX2 support.
2026-08-20 15:48:36,728 - DEBUG - matplotlib data path: /node_data/urp26su_dongwoo/anaconda3/envs/conceptgraph/lib/python3.10/site-packages/matplotlib/mpl-data
2026-08-20 15:48:36,732 - DEBUG - CONFIGDIR=/node_data/urp26su_dongwoo/.config/matplotlib
2026-08-20 15:48:36,733 - DEBUG - interactive is False
2026-08-20 15:48:36,733 - DEBUG - platform is linux
2026-08-20 15:48:36,751 - DEBUG - CACHEDIR=/node_data/urp26su_dongwoo/.cache/matplotlib
2026-08-20 15:48:36,753 - DEBUG - Using fontManager instance from /node_data/urp26su_dongwoo/.cache/matplotlib/fontlist-v390.json
2026-08-20 15:48:36,935 - DEBUG - Loaded backend Agg version v2.2.
2026-08-20 15:48:44,294 - INFO - Loading faiss with AVX2 support.
2026-08-20 15:48:44,313 - INFO - Successfully loaded faiss with AVX2 support.
2026-08-20 15:48:45,541 - DEBUG - matplotlib data path: /node_data/urp26su_dongwoo/anaconda3/envs/conceptgraph/lib/python3.10/site-packages/matplotlib/mpl-data
2026-08-20 15:48:45,546 - DEBUG - CONFIGDIR=/node_data/urp26su_dongwoo/.config/matplotlib
2026-08-20 15:48:45,547 - DEBUG - interactive is False
2026-08-20 15:48:45,547 - DEBUG - platform is linux
2026-08-20 15:48:45,564 - DEBUG - CACHEDIR=/node_data/urp26su_dongwoo/.cache/matplotlib
2026-08-20 15:48:45,567 - DEBUG - Using fontManager instance from /node_data/urp26su_dongwoo/.cache/matplotlib/fontlist-v390.json
2026-08-20 15:48:45,748 - DEBUG - Loaded backend Agg version v2.2.
2026-08-20 15:48:52,906 - INFO - Loading faiss with AVX2 support.
2026-08-20 15:48:52,924 - INFO - Successfully loaded faiss with AVX2 support.
2026-08-20 15:48:54,113 - DEBUG - matplotlib data path: /node_data/urp26su_dongwoo/anaconda3/envs/conceptgraph/lib/python3.10/site-packages/matplotlib/mpl-data
2026-08-20 15:48:54,117 - DEBUG - CONFIGDIR=/node_data/urp26su_dongwoo/.config/matplotlib
2026-08-20 15:48:54,118 - DEBUG - interactive is False
2026-08-20 15:48:54,118 - DEBUG - platform is linux
2026-08-20 15:48:54,135 - DEBUG - CACHEDIR=/node_data/urp26su_dongwoo/.cache/matplotlib
2026-08-20 15:48:54,138 - DEBUG - Using fontManager instance from /node_data/urp26su_dongwoo/.cache/matplotlib/fontlist-v390.json
2026-08-20 15:48:54,320 - DEBUG - Loaded backend Agg version v2.2.
2026-08-20 15:49:01,810 - INFO - Loading faiss with AVX2 support.
2026-08-20 15:49:01,827 - INFO - Successfully loaded faiss with AVX2 support.
2026-08-20 15:49:03,049 - DEBUG - matplotlib data path: /node_data/urp26su_dongwoo/anaconda3/envs/conceptgraph/lib/python3.10/site-packages/matplotlib/mpl-data
2026-08-20 15:49:03,054 - DEBUG - CONFIGDIR=/node_data/urp26su_dongwoo/.config/matplotlib
2026-08-20 15:49:03,055 - DEBUG - interactive is False
2026-08-20 15:49:03,055 - DEBUG - platform is linux
2026-08-20 15:49:03,073 - DEBUG - CACHEDIR=/node_data/urp26su_dongwoo/.cache/matplotlib
2026-08-20 15:49:03,075 - DEBUG - Using fontManager instance from /node_data/urp26su_dongwoo/.cache/matplotlib/fontlist-v390.json
2026-08-20 15:49:03,267 - DEBUG - Loaded backend Agg version v2.2.
2026-08-20 15:49:10,805 - INFO - Loading faiss with AVX2 support.
2026-08-20 15:49:10,823 - INFO - Successfully loaded faiss with AVX2 support.
2026-08-20 15:49:12,003 - DEBUG - matplotlib data path: /node_data/urp26su_dongwoo/anaconda3/envs/conceptgraph/lib/python3.10/site-packages/matplotlib/mpl-data
2026-08-20 15:49:12,007 - DEBUG - CONFIGDIR=/node_data/urp26su_dongwoo/.config/matplotlib
2026-08-20 15:49:12,008 - DEBUG - interactive is False
2026-08-20 15:49:12,008 - DEBUG - platform is linux
2026-08-20 15:49:12,025 - DEBUG - CACHEDIR=/node_data/urp26su_dongwoo/.cache/matplotlib
2026-08-20 15:49:12,028 - DEBUG - Using fontManager instance from /node_data/urp26su_dongwoo/.cache/matplotlib/fontlist-v390.json
2026-08-20 15:49:12,209 - DEBUG - Loaded backend Agg version v2.2.
2026-08-20 15:49:19,901 - INFO - Loading faiss with AVX2 support.
2026-08-20 15:49:19,924 - INFO - Successfully loaded faiss with AVX2 support.
2026-08-20 15:49:21,313 - DEBUG - matplotlib data path: /node_data/urp26su_dongwoo/anaconda3/envs/conceptgraph/lib/python3.10/site-packages/matplotlib/mpl-data
2026-08-20 15:49:21,318 - DEBUG - CONFIGDIR=/node_data/urp26su_dongwoo/.config/matplotlib
2026-08-20 15:49:21,319 - DEBUG - interactive is False
2026-08-20 15:49:21,319 - DEBUG - platform is linux
2026-08-20 15:49:21,337 - DEBUG - CACHEDIR=/node_data/urp26su_dongwoo/.cache/matplotlib
2026-08-20 15:49:21,340 - DEBUG - Using fontManager instance from /node_data/urp26su_dongwoo/.cache/matplotlib/fontlist-v390.json
2026-08-20 15:49:21,523 - DEBUG - Loaded backend Agg version v2.2.
2026-08-20 15:49:28,053 - INFO - Loading faiss with AVX2 support.
2026-08-20 15:49:28,072 - INFO - Successfully loaded faiss with AVX2 support.
2026-08-20 15:49:29,294 - DEBUG - matplotlib data path: /node_data/urp26su_dongwoo/anaconda3/envs/conceptgraph/lib/python3.10/site-packages/matplotlib/mpl-data
2026-08-20 15:49:29,299 - DEBUG - CONFIGDIR=/node_data/urp26su_dongwoo/.config/matplotlib
2026-08-20 15:49:29,300 - DEBUG - interactive is False
2026-08-20 15:49:29,300 - DEBUG - platform is linux
2026-08-20 15:49:29,318 - DEBUG - CACHEDIR=/node_data/urp26su_dongwoo/.cache/matplotlib
2026-08-20 15:49:29,320 - DEBUG - Using fontManager instance from /node_data/urp26su_dongwoo/.cache/matplotlib/fontlist-v390.json
2026-08-20 15:49:29,504 - DEBUG - Loaded backend Agg version v2.2.
2026-08-20 15:49:36,886 - INFO - Loading faiss with AVX2 support.
2026-08-20 15:49:36,906 - INFO - Successfully loaded faiss with AVX2 support.
2026-08-20 15:49:38,129 - DEBUG - matplotlib data path: /node_data/urp26su_dongwoo/anaconda3/envs/conceptgraph/lib/python3.10/site-packages/matplotlib/mpl-data
2026-08-20 15:49:38,134 - DEBUG - CONFIGDIR=/node_data/urp26su_dongwoo/.config/matplotlib
2026-08-20 15:49:38,135 - DEBUG - interactive is False
2026-08-20 15:49:38,135 - DEBUG - platform is linux
2026-08-20 15:49:38,153 - DEBUG - CACHEDIR=/node_data/urp26su_dongwoo/.cache/matplotlib
2026-08-20 15:49:38,155 - DEBUG - Using fontManager instance from /node_data/urp26su_dongwoo/.cache/matplotlib/fontlist-v390.json
2026-08-20 15:49:38,341 - DEBUG - Loaded backend Agg version v2.2.
2026-08-20 15:49:45,585 - INFO - Loading faiss with AVX2 support.
2026-08-20 15:49:45,606 - INFO - Successfully loaded faiss with AVX2 support.
2026-08-20 15:49:46,795 - DEBUG - matplotlib data path: /node_data/urp26su_dongwoo/anaconda3/envs/conceptgraph/lib/python3.10/site-packages/matplotlib/mpl-data
2026-08-20 15:49:46,800 - DEBUG - CONFIGDIR=/node_data/urp26su_dongwoo/.config/matplotlib
2026-08-20 15:49:46,801 - DEBUG - interactive is False
2026-08-20 15:49:46,801 - DEBUG - platform is linux
2026-08-20 15:49:46,818 - DEBUG - CACHEDIR=/node_data/urp26su_dongwoo/.cache/matplotlib
2026-08-20 15:49:46,821 - DEBUG - Using fontManager instance from /node_data/urp26su_dongwoo/.cache/matplotlib/fontlist-v390.json
2026-08-20 15:49:47,004 - DEBUG - Loaded backend Agg version v2.2.
2026-08-20 15:49:54,664 - INFO - Loading faiss with AVX2 support.
2026-08-20 15:49:54,684 - INFO - Successfully loaded faiss with AVX2 support.
2026-08-20 15:49:55,918 - DEBUG - matplotlib data path: /node_data/urp26su_dongwoo/anaconda3/envs/conceptgraph/lib/python3.10/site-packages/matplotlib/mpl-data
2026-08-20 15:49:55,923 - DEBUG - CONFIGDIR=/node_data/urp26su_dongwoo/.config/matplotlib
2026-08-20 15:49:55,924 - DEBUG - interactive is False
2026-08-20 15:49:55,924 - DEBUG - platform is linux
2026-08-20 15:49:55,941 - DEBUG - CACHEDIR=/node_data/urp26su_dongwoo/.cache/matplotlib
2026-08-20 15:49:55,944 - DEBUG - Using fontManager instance from /node_data/urp26su_dongwoo/.cache/matplotlib/fontlist-v390.json
2026-08-20 15:49:56,126 - DEBUG - Loaded backend Agg version v2.2.
2026-08-20 15:50:02,825 - INFO - Loading faiss with AVX2 support.
2026-08-20 15:50:02,844 - INFO - Successfully loaded faiss with AVX2 support.
2026-08-20 15:50:04,032 - DEBUG - matplotlib data path: /node_data/urp26su_dongwoo/anaconda3/envs/conceptgraph/lib/python3.10/site-packages/matplotlib/mpl-data
2026-08-20 15:50:04,037 - DEBUG - CONFIGDIR=/node_data/urp26su_dongwoo/.config/matplotlib
2026-08-20 15:50:04,038 - DEBUG - interactive is False
2026-08-20 15:50:04,038 - DEBUG - platform is linux
2026-08-20 15:50:04,055 - DEBUG - CACHEDIR=/node_data/urp26su_dongwoo/.cache/matplotlib
2026-08-20 15:50:04,058 - DEBUG - Using fontManager instance from /node_data/urp26su_dongwoo/.cache/matplotlib/fontlist-v390.json
2026-08-20 15:50:04,239 - DEBUG - Loaded backend Agg version v2.2.
2026-08-20 15:50:11,310 - INFO - Loading faiss with AVX2 support.
2026-08-20 15:50:11,328 - INFO - Successfully loaded faiss with AVX2 support.
2026-08-20 15:50:12,516 - DEBUG - matplotlib data path: /node_data/urp26su_dongwoo/anaconda3/envs/conceptgraph/lib/python3.10/site-packages/matplotlib/mpl-data
2026-08-20 15:50:12,520 - DEBUG - CONFIGDIR=/node_data/urp26su_dongwoo/.config/matplotlib
2026-08-20 15:50:12,521 - DEBUG - interactive is False
2026-08-20 15:50:12,521 - DEBUG - platform is linux
2026-08-20 15:50:12,539 - DEBUG - CACHEDIR=/node_data/urp26su_dongwoo/.cache/matplotlib
2026-08-20 15:50:12,541 - DEBUG - Using fontManager instance from /node_data/urp26su_dongwoo/.cache/matplotlib/fontlist-v390.json
2026-08-20 15:50:12,725 - DEBUG - Loaded backend Agg version v2.2.
2026-08-20 15:50:20,317 - INFO - Loading faiss with AVX2 support.
2026-08-20 15:50:20,341 - INFO - Successfully loaded faiss with AVX2 support.
2026-08-20 15:50:21,696 - DEBUG - matplotlib data path: /node_data/urp26su_dongwoo/anaconda3/envs/conceptgraph/lib/python3.10/site-packages/matplotlib/mpl-data
2026-08-20 15:50:21,701 - DEBUG - CONFIGDIR=/node_data/urp26su_dongwoo/.config/matplotlib
2026-08-20 15:50:21,702 - DEBUG - interactive is False
2026-08-20 15:50:21,702 - DEBUG - platform is linux
2026-08-20 15:50:21,720 - DEBUG - CACHEDIR=/node_data/urp26su_dongwoo/.cache/matplotlib
2026-08-20 15:50:21,723 - DEBUG - Using fontManager instance from /node_data/urp26su_dongwoo/.cache/matplotlib/fontlist-v390.json
2026-08-20 15:50:21,910 - DEBUG - Loaded backend Agg version v2.2.
2026-08-20 15:50:28,815 - INFO - Loading faiss with AVX2 support.
2026-08-20 15:50:28,835 - INFO - Successfully loaded faiss with AVX2 support.
2026-08-20 15:50:30,060 - DEBUG - matplotlib data path: /node_data/urp26su_dongwoo/anaconda3/envs/conceptgraph/lib/python3.10/site-packages/matplotlib/mpl-data
2026-08-20 15:50:30,064 - DEBUG - CONFIGDIR=/node_data/urp26su_dongwoo/.config/matplotlib
2026-08-20 15:50:30,065 - DEBUG - interactive is False
2026-08-20 15:50:30,065 - DEBUG - platform is linux
2026-08-20 15:50:30,083 - DEBUG - CACHEDIR=/node_data/urp26su_dongwoo/.cache/matplotlib
2026-08-20 15:50:30,085 - DEBUG - Using fontManager instance from /node_data/urp26su_dongwoo/.cache/matplotlib/fontlist-v390.json
2026-08-20 15:50:30,269 - DEBUG - Loaded backend Agg version v2.2.
2026-08-20 15:50:37,475 - INFO - Loading faiss with AVX2 support.
2026-08-20 15:50:37,493 - INFO - Successfully loaded faiss with AVX2 support.
2026-08-20 15:50:38,678 - DEBUG - matplotlib data path: /node_data/urp26su_dongwoo/anaconda3/envs/conceptgraph/lib/python3.10/site-packages/matplotlib/mpl-data
2026-08-20 15:50:38,682 - DEBUG - CONFIGDIR=/node_data/urp26su_dongwoo/.config/matplotlib
2026-08-20 15:50:38,683 - DEBUG - interactive is False
2026-08-20 15:50:38,683 - DEBUG - platform is linux
2026-08-20 15:50:38,701 - DEBUG - CACHEDIR=/node_data/urp26su_dongwoo/.cache/matplotlib
2026-08-20 15:50:38,703 - DEBUG - Using fontManager instance from /node_data/urp26su_dongwoo/.cache/matplotlib/fontlist-v390.json
2026-08-20 15:50:38,885 - DEBUG - Loaded backend Agg version v2.2.
2026-08-20 15:50:46,087 - INFO - Loading faiss with AVX2 support.
2026-08-20 15:50:46,104 - INFO - Successfully loaded faiss with AVX2 support.
2026-08-20 15:50:47,294 - DEBUG - matplotlib data path: /node_data/urp26su_dongwoo/anaconda3/envs/conceptgraph/lib/python3.10/site-packages/matplotlib/mpl-data
2026-08-20 15:50:47,298 - DEBUG - CONFIGDIR=/node_data/urp26su_dongwoo/.config/matplotlib
2026-08-20 15:50:47,299 - DEBUG - interactive is False
2026-08-20 15:50:47,300 - DEBUG - platform is linux
2026-08-20 15:50:47,325 - DEBUG - CACHEDIR=/node_data/urp26su_dongwoo/.cache/matplotlib
2026-08-20 15:50:47,328 - DEBUG - Using fontManager instance from /node_data/urp26su_dongwoo/.cache/matplotlib/fontlist-v390.json
2026-08-20 15:50:47,513 - DEBUG - Loaded backend Agg version v2.2.
2026-08-20 15:50:54,726 - INFO - Loading faiss with AVX2 support.
2026-08-20 15:50:54,744 - INFO - Successfully loaded faiss with AVX2 support.
2026-08-20 15:50:55,927 - DEBUG - matplotlib data path: /node_data/urp26su_dongwoo/anaconda3/envs/conceptgraph/lib/python3.10/site-packages/matplotlib/mpl-data
2026-08-20 15:50:55,931 - DEBUG - CONFIGDIR=/node_data/urp26su_dongwoo/.config/matplotlib
2026-08-20 15:50:55,932 - DEBUG - interactive is False
2026-08-20 15:50:55,932 - DEBUG - platform is linux
2026-08-20 15:50:55,950 - DEBUG - CACHEDIR=/node_data/urp26su_dongwoo/.cache/matplotlib
2026-08-20 15:50:55,952 - DEBUG - Using fontManager instance from /node_data/urp26su_dongwoo/.cache/matplotlib/fontlist-v390.json
2026-08-20 15:50:56,135 - DEBUG - Loaded backend Agg version v2.2.
2026-08-20 15:51:03,408 - INFO - Loading faiss with AVX2 support.
2026-08-20 15:51:03,427 - INFO - Successfully loaded faiss with AVX2 support.
2026-08-20 15:51:04,608 - DEBUG - matplotlib data path: /node_data/urp26su_dongwoo/anaconda3/envs/conceptgraph/lib/python3.10/site-packages/matplotlib/mpl-data
2026-08-20 15:51:04,612 - DEBUG - CONFIGDIR=/node_data/urp26su_dongwoo/.config/matplotlib
2026-08-20 15:51:04,613 - DEBUG - interactive is False
2026-08-20 15:51:04,614 - DEBUG - platform is linux
2026-08-20 15:51:04,631 - DEBUG - CACHEDIR=/node_data/urp26su_dongwoo/.cache/matplotlib
2026-08-20 15:51:04,633 - DEBUG - Using fontManager instance from /node_data/urp26su_dongwoo/.cache/matplotlib/fontlist-v390.json
2026-08-20 15:51:04,815 - DEBUG - Loaded backend Agg version v2.2.
2026-08-20 15:51:11,937 - INFO - Loading faiss with AVX2 support.
2026-08-20 15:51:11,955 - INFO - Successfully loaded faiss with AVX2 support.
2026-08-20 15:51:13,143 - DEBUG - matplotlib data path: /node_data/urp26su_dongwoo/anaconda3/envs/conceptgraph/lib/python3.10/site-packages/matplotlib/mpl-data
2026-08-20 15:51:13,148 - DEBUG - CONFIGDIR=/node_data/urp26su_dongwoo/.config/matplotlib
2026-08-20 15:51:13,149 - DEBUG - interactive is False
2026-08-20 15:51:13,149 - DEBUG - platform is linux
2026-08-20 15:51:13,166 - DEBUG - CACHEDIR=/node_data/urp26su_dongwoo/.cache/matplotlib
2026-08-20 15:51:13,169 - DEBUG - Using fontManager instance from /node_data/urp26su_dongwoo/.cache/matplotlib/fontlist-v390.json
2026-08-20 15:51:13,355 - DEBUG - Loaded backend Agg version v2.2.
2026-08-20 15:51:20,701 - INFO - Loading faiss with AVX2 support.
2026-08-20 15:51:20,719 - INFO - Successfully loaded faiss with AVX2 support.
2026-08-20 15:51:21,914 - DEBUG - matplotlib data path: /node_data/urp26su_dongwoo/anaconda3/envs/conceptgraph/lib/python3.10/site-packages/matplotlib/mpl-data
2026-08-20 15:51:21,919 - DEBUG - CONFIGDIR=/node_data/urp26su_dongwoo/.config/matplotlib
2026-08-20 15:51:21,920 - DEBUG - interactive is False
2026-08-20 15:51:21,920 - DEBUG - platform is linux
2026-08-20 15:51:21,937 - DEBUG - CACHEDIR=/node_data/urp26su_dongwoo/.cache/matplotlib
2026-08-20 15:51:21,940 - DEBUG - Using fontManager instance from /node_data/urp26su_dongwoo/.cache/matplotlib/fontlist-v390.json
2026-08-20 15:51:22,121 - DEBUG - Loaded backend Agg version v2.2.
2026-08-20 15:51:28,981 - INFO - Loading faiss with AVX2 support.
2026-08-20 15:51:28,999 - INFO - Successfully loaded faiss with AVX2 support.
2026-08-20 15:51:30,183 - DEBUG - matplotlib data path: /node_data/urp26su_dongwoo/anaconda3/envs/conceptgraph/lib/python3.10/site-packages/matplotlib/mpl-data
2026-08-20 15:51:30,187 - DEBUG - CONFIGDIR=/node_data/urp26su_dongwoo/.config/matplotlib
2026-08-20 15:51:30,188 - DEBUG - interactive is False
2026-08-20 15:51:30,188 - DEBUG - platform is linux
2026-08-20 15:51:30,206 - DEBUG - CACHEDIR=/node_data/urp26su_dongwoo/.cache/matplotlib
2026-08-20 15:51:30,208 - DEBUG - Using fontManager instance from /node_data/urp26su_dongwoo/.cache/matplotlib/fontlist-v390.json
2026-08-20 15:51:30,390 - DEBUG - Loaded backend Agg version v2.2.
2026-08-20 15:51:37,119 - INFO - Loading faiss with AVX2 support.
2026-08-20 15:51:37,137 - INFO - Successfully loaded faiss with AVX2 support.
2026-08-20 15:51:38,332 - DEBUG - matplotlib data path: /node_data/urp26su_dongwoo/anaconda3/envs/conceptgraph/lib/python3.10/site-packages/matplotlib/mpl-data
2026-08-20 15:51:38,337 - DEBUG - CONFIGDIR=/node_data/urp26su_dongwoo/.config/matplotlib
2026-08-20 15:51:38,338 - DEBUG - interactive is False
2026-08-20 15:51:38,338 - DEBUG - platform is linux
2026-08-20 15:51:38,355 - DEBUG - CACHEDIR=/node_data/urp26su_dongwoo/.cache/matplotlib
2026-08-20 15:51:38,358 - DEBUG - Using fontManager instance from /node_data/urp26su_dongwoo/.cache/matplotlib/fontlist-v390.json
2026-08-20 15:51:38,542 - DEBUG - Loaded backend Agg version v2.2.
2026-08-20 15:51:45,894 - INFO - Loading faiss with AVX2 support.
2026-08-20 15:51:45,912 - INFO - Successfully loaded faiss with AVX2 support.
2026-08-20 15:51:47,151 - DEBUG - matplotlib data path: /node_data/urp26su_dongwoo/anaconda3/envs/conceptgraph/lib/python3.10/site-packages/matplotlib/mpl-data
2026-08-20 15:51:47,156 - DEBUG - CONFIGDIR=/node_data/urp26su_dongwoo/.config/matplotlib
2026-08-20 15:51:47,157 - DEBUG - interactive is False
2026-08-20 15:51:47,157 - DEBUG - platform is linux
2026-08-20 15:51:47,175 - DEBUG - CACHEDIR=/node_data/urp26su_dongwoo/.cache/matplotlib
2026-08-20 15:51:47,178 - DEBUG - Using fontManager instance from /node_data/urp26su_dongwoo/.cache/matplotlib/fontlist-v390.json
2026-08-20 15:51:47,372 - DEBUG - Loaded backend Agg version v2.2.
2026-08-20 15:51:54,579 - INFO - Loading faiss with AVX2 support.
2026-08-20 15:51:54,599 - INFO - Successfully loaded faiss with AVX2 support.
2026-08-20 15:51:55,867 - DEBUG - matplotlib data path: /node_data/urp26su_dongwoo/anaconda3/envs/conceptgraph/lib/python3.10/site-packages/matplotlib/mpl-data
2026-08-20 15:51:55,872 - DEBUG - CONFIGDIR=/node_data/urp26su_dongwoo/.config/matplotlib
2026-08-20 15:51:55,873 - DEBUG - interactive is False
2026-08-20 15:51:55,873 - DEBUG - platform is linux
2026-08-20 15:51:55,891 - DEBUG - CACHEDIR=/node_data/urp26su_dongwoo/.cache/matplotlib
2026-08-20 15:51:55,893 - DEBUG - Using fontManager instance from /node_data/urp26su_dongwoo/.cache/matplotlib/fontlist-v390.json
2026-08-20 15:51:56,080 - DEBUG - Loaded backend Agg version v2.2.
2026-08-20 15:52:03,303 - INFO - Loading faiss with AVX2 support.
2026-08-20 15:52:03,321 - INFO - Successfully loaded faiss with AVX2 support.
2026-08-20 15:52:04,514 - DEBUG - matplotlib data path: /node_data/urp26su_dongwoo/anaconda3/envs/conceptgraph/lib/python3.10/site-packages/matplotlib/mpl-data
2026-08-20 15:52:04,519 - DEBUG - CONFIGDIR=/node_data/urp26su_dongwoo/.config/matplotlib
2026-08-20 15:52:04,520 - DEBUG - interactive is False
2026-08-20 15:52:04,520 - DEBUG - platform is linux
2026-08-20 15:52:04,537 - DEBUG - CACHEDIR=/node_data/urp26su_dongwoo/.cache/matplotlib
2026-08-20 15:52:04,540 - DEBUG - Using fontManager instance from /node_data/urp26su_dongwoo/.cache/matplotlib/fontlist-v390.json
2026-08-20 15:52:04,724 - DEBUG - Loaded backend Agg version v2.2.
2026-08-20 15:52:11,676 - INFO - Loading faiss with AVX2 support.
2026-08-20 15:52:11,694 - INFO - Successfully loaded faiss with AVX2 support.
2026-08-20 15:52:12,912 - DEBUG - matplotlib data path: /node_data/urp26su_dongwoo/anaconda3/envs/conceptgraph/lib/python3.10/site-packages/matplotlib/mpl-data
2026-08-20 15:52:12,916 - DEBUG - CONFIGDIR=/node_data/urp26su_dongwoo/.config/matplotlib
2026-08-20 15:52:12,917 - DEBUG - interactive is False
2026-08-20 15:52:12,918 - DEBUG - platform is linux
2026-08-20 15:52:12,935 - DEBUG - CACHEDIR=/node_data/urp26su_dongwoo/.cache/matplotlib
2026-08-20 15:52:12,937 - DEBUG - Using fontManager instance from /node_data/urp26su_dongwoo/.cache/matplotlib/fontlist-v390.json
2026-08-20 15:52:13,130 - DEBUG - Loaded backend Agg version v2.2.
2026-08-20 15:52:20,509 - INFO - Loading faiss with AVX2 support.
2026-08-20 15:52:20,527 - INFO - Successfully loaded faiss with AVX2 support.
2026-08-20 15:52:21,724 - DEBUG - matplotlib data path: /node_data/urp26su_dongwoo/anaconda3/envs/conceptgraph/lib/python3.10/site-packages/matplotlib/mpl-data
2026-08-20 15:52:21,728 - DEBUG - CONFIGDIR=/node_data/urp26su_dongwoo/.config/matplotlib
2026-08-20 15:52:21,729 - DEBUG - interactive is False
2026-08-20 15:52:21,729 - DEBUG - platform is linux
2026-08-20 15:52:21,746 - DEBUG - CACHEDIR=/node_data/urp26su_dongwoo/.cache/matplotlib
2026-08-20 15:52:21,749 - DEBUG - Using fontManager instance from /node_data/urp26su_dongwoo/.cache/matplotlib/fontlist-v390.json
2026-08-20 15:52:21,936 - DEBUG - Loaded backend Agg version v2.2.
2026-08-20 15:52:28,650 - INFO - Loading faiss with AVX2 support.
2026-08-20 15:52:28,668 - INFO - Successfully loaded faiss with AVX2 support.
2026-08-20 15:52:29,877 - DEBUG - matplotlib data path: /node_data/urp26su_dongwoo/anaconda3/envs/conceptgraph/lib/python3.10/site-packages/matplotlib/mpl-data
2026-08-20 15:52:29,882 - DEBUG - CONFIGDIR=/node_data/urp26su_dongwoo/.config/matplotlib
2026-08-20 15:52:29,883 - DEBUG - interactive is False
2026-08-20 15:52:29,883 - DEBUG - platform is linux
2026-08-20 15:52:29,900 - DEBUG - CACHEDIR=/node_data/urp26su_dongwoo/.cache/matplotlib
2026-08-20 15:52:29,903 - DEBUG - Using fontManager instance from /node_data/urp26su_dongwoo/.cache/matplotlib/fontlist-v390.json
2026-08-20 15:52:30,087 - DEBUG - Loaded backend Agg version v2.2.
2026-08-20 15:52:37,187 - INFO - Loading faiss with AVX2 support.
2026-08-20 15:52:37,205 - INFO - Successfully loaded faiss with AVX2 support.
2026-08-20 15:52:38,393 - DEBUG - matplotlib data path: /node_data/urp26su_dongwoo/anaconda3/envs/conceptgraph/lib/python3.10/site-packages/matplotlib/mpl-data
2026-08-20 15:52:38,398 - DEBUG - CONFIGDIR=/node_data/urp26su_dongwoo/.config/matplotlib
2026-08-20 15:52:38,399 - DEBUG - interactive is False
2026-08-20 15:52:38,399 - DEBUG - platform is linux
2026-08-20 15:52:38,416 - DEBUG - CACHEDIR=/node_data/urp26su_dongwoo/.cache/matplotlib
2026-08-20 15:52:38,419 - DEBUG - Using fontManager instance from /node_data/urp26su_dongwoo/.cache/matplotlib/fontlist-v390.json
2026-08-20 15:52:38,602 - DEBUG - Loaded backend Agg version v2.2.
2026-08-20 15:52:45,697 - INFO - Loading faiss with AVX2 support.
2026-08-20 15:52:45,714 - INFO - Successfully loaded faiss with AVX2 support.
2026-08-20 15:52:46,892 - DEBUG - matplotlib data path: /node_data/urp26su_dongwoo/anaconda3/envs/conceptgraph/lib/python3.10/site-packages/matplotlib/mpl-data
2026-08-20 15:52:46,896 - DEBUG - CONFIGDIR=/node_data/urp26su_dongwoo/.config/matplotlib
2026-08-20 15:52:46,897 - DEBUG - interactive is False
2026-08-20 15:52:46,898 - DEBUG - platform is linux
2026-08-20 15:52:46,915 - DEBUG - CACHEDIR=/node_data/urp26su_dongwoo/.cache/matplotlib
2026-08-20 15:52:46,917 - DEBUG - Using fontManager instance from /node_data/urp26su_dongwoo/.cache/matplotlib/fontlist-v390.json
2026-08-20 15:52:47,100 - DEBUG - Loaded backend Agg version v2.2.
2026-08-20 15:52:54,128 - INFO - Loading faiss with AVX2 support.
2026-08-20 15:52:54,145 - INFO - Successfully loaded faiss with AVX2 support.
2026-08-20 15:52:55,352 - DEBUG - matplotlib data path: /node_data/urp26su_dongwoo/anaconda3/envs/conceptgraph/lib/python3.10/site-packages/matplotlib/mpl-data
2026-08-20 15:52:55,356 - DEBUG - CONFIGDIR=/node_data/urp26su_dongwoo/.config/matplotlib
2026-08-20 15:52:55,357 - DEBUG - interactive is False
2026-08-20 15:52:55,357 - DEBUG - platform is linux
2026-08-20 15:52:55,375 - DEBUG - CACHEDIR=/node_data/urp26su_dongwoo/.cache/matplotlib
2026-08-20 15:52:55,377 - DEBUG - Using fontManager instance from /node_data/urp26su_dongwoo/.cache/matplotlib/fontlist-v390.json
2026-08-20 15:52:55,559 - DEBUG - Loaded backend Agg version v2.2.
2026-08-20 15:53:02,307 - INFO - Loading faiss with AVX2 support.
2026-08-20 15:53:02,325 - INFO - Successfully loaded faiss with AVX2 support.
2026-08-20 15:53:03,532 - DEBUG - matplotlib data path: /node_data/urp26su_dongwoo/anaconda3/envs/conceptgraph/lib/python3.10/site-packages/matplotlib/mpl-data
2026-08-20 15:53:03,537 - DEBUG - CONFIGDIR=/node_data/urp26su_dongwoo/.config/matplotlib
2026-08-20 15:53:03,538 - DEBUG - interactive is False
2026-08-20 15:53:03,538 - DEBUG - platform is linux
2026-08-20 15:53:03,556 - DEBUG - CACHEDIR=/node_data/urp26su_dongwoo/.cache/matplotlib
2026-08-20 15:53:03,558 - DEBUG - Using fontManager instance from /node_data/urp26su_dongwoo/.cache/matplotlib/fontlist-v390.json
2026-08-20 15:53:03,745 - DEBUG - Loaded backend Agg version v2.2.
2026-08-20 15:53:10,705 - INFO - Loading faiss with AVX2 support.
2026-08-20 15:53:10,722 - INFO - Successfully loaded faiss with AVX2 support.
2026-08-20 15:53:11,892 - DEBUG - matplotlib data path: /node_data/urp26su_dongwoo/anaconda3/envs/conceptgraph/lib/python3.10/site-packages/matplotlib/mpl-data
2026-08-20 15:53:11,897 - DEBUG - CONFIGDIR=/node_data/urp26su_dongwoo/.config/matplotlib
2026-08-20 15:53:11,898 - DEBUG - interactive is False
2026-08-20 15:53:11,898 - DEBUG - platform is linux
2026-08-20 15:53:11,915 - DEBUG - CACHEDIR=/node_data/urp26su_dongwoo/.cache/matplotlib
2026-08-20 15:53:11,917 - DEBUG - Using fontManager instance from /node_data/urp26su_dongwoo/.cache/matplotlib/fontlist-v390.json
2026-08-20 15:53:12,097 - DEBUG - Loaded backend Agg version v2.2.
2026-08-20 15:53:19,235 - INFO - Loading faiss with AVX2 support.
2026-08-20 15:53:19,253 - INFO - Successfully loaded faiss with AVX2 support.
2026-08-20 15:53:20,498 - DEBUG - matplotlib data path: /node_data/urp26su_dongwoo/anaconda3/envs/conceptgraph/lib/python3.10/site-packages/matplotlib/mpl-data
2026-08-20 15:53:20,503 - DEBUG - CONFIGDIR=/node_data/urp26su_dongwoo/.config/matplotlib
2026-08-20 15:53:20,504 - DEBUG - interactive is False
2026-08-20 15:53:20,504 - DEBUG - platform is linux
2026-08-20 15:53:20,521 - DEBUG - CACHEDIR=/node_data/urp26su_dongwoo/.cache/matplotlib
2026-08-20 15:53:20,523 - DEBUG - Using fontManager instance from /node_data/urp26su_dongwoo/.cache/matplotlib/fontlist-v390.json
2026-08-20 15:53:20,708 - DEBUG - Loaded backend Agg version v2.2.
2026-08-20 15:53:27,990 - INFO - Loading faiss with AVX2 support.
2026-08-20 15:53:28,008 - INFO - Successfully loaded faiss with AVX2 support.
2026-08-20 15:53:29,196 - DEBUG - matplotlib data path: /node_data/urp26su_dongwoo/anaconda3/envs/conceptgraph/lib/python3.10/site-packages/matplotlib/mpl-data
2026-08-20 15:53:29,201 - DEBUG - CONFIGDIR=/node_data/urp26su_dongwoo/.config/matplotlib
2026-08-20 15:53:29,202 - DEBUG - interactive is False
2026-08-20 15:53:29,202 - DEBUG - platform is linux
2026-08-20 15:53:29,220 - DEBUG - CACHEDIR=/node_data/urp26su_dongwoo/.cache/matplotlib
2026-08-20 15:53:29,222 - DEBUG - Using fontManager instance from /node_data/urp26su_dongwoo/.cache/matplotlib/fontlist-v390.json
2026-08-20 15:53:29,405 - DEBUG - Loaded backend Agg version v2.2.
2026-08-20 15:53:36,076 - INFO - Loading faiss with AVX2 support.
2026-08-20 15:53:36,093 - INFO - Successfully loaded faiss with AVX2 support.
2026-08-20 15:53:37,270 - DEBUG - matplotlib data path: /node_data/urp26su_dongwoo/anaconda3/envs/conceptgraph/lib/python3.10/site-packages/matplotlib/mpl-data
2026-08-20 15:53:37,274 - DEBUG - CONFIGDIR=/node_data/urp26su_dongwoo/.config/matplotlib
2026-08-20 15:53:37,275 - DEBUG - interactive is False
2026-08-20 15:53:37,275 - DEBUG - platform is linux
2026-08-20 15:53:37,292 - DEBUG - CACHEDIR=/node_data/urp26su_dongwoo/.cache/matplotlib
2026-08-20 15:53:37,295 - DEBUG - Using fontManager instance from /node_data/urp26su_dongwoo/.cache/matplotlib/fontlist-v390.json
2026-08-20 15:53:37,477 - DEBUG - Loaded backend Agg version v2.2.
2026-08-20 15:53:44,611 - INFO - Loading faiss with AVX2 support.
2026-08-20 15:53:44,628 - INFO - Successfully loaded faiss with AVX2 support.
2026-08-20 15:53:45,829 - DEBUG - matplotlib data path: /node_data/urp26su_dongwoo/anaconda3/envs/conceptgraph/lib/python3.10/site-packages/matplotlib/mpl-data
2026-08-20 15:53:45,833 - DEBUG - CONFIGDIR=/node_data/urp26su_dongwoo/.config/matplotlib
2026-08-20 15:53:45,834 - DEBUG - interactive is False
2026-08-20 15:53:45,835 - DEBUG - platform is linux
2026-08-20 15:53:45,852 - DEBUG - CACHEDIR=/node_data/urp26su_dongwoo/.cache/matplotlib
2026-08-20 15:53:45,854 - DEBUG - Using fontManager instance from /node_data/urp26su_dongwoo/.cache/matplotlib/fontlist-v390.json
2026-08-20 15:53:46,036 - DEBUG - Loaded backend Agg version v2.2.
2026-08-20 15:53:53,834 - INFO - Loading faiss with AVX2 support.
2026-08-20 15:53:53,852 - INFO - Successfully loaded faiss with AVX2 support.
2026-08-20 15:53:55,044 - DEBUG - matplotlib data path: /node_data/urp26su_dongwoo/anaconda3/envs/conceptgraph/lib/python3.10/site-packages/matplotlib/mpl-data
2026-08-20 15:53:55,048 - DEBUG - CONFIGDIR=/node_data/urp26su_dongwoo/.config/matplotlib
2026-08-20 15:53:55,049 - DEBUG - interactive is False
2026-08-20 15:53:55,049 - DEBUG - platform is linux
2026-08-20 15:53:55,067 - DEBUG - CACHEDIR=/node_data/urp26su_dongwoo/.cache/matplotlib
2026-08-20 15:53:55,069 - DEBUG - Using fontManager instance from /node_data/urp26su_dongwoo/.cache/matplotlib/fontlist-v390.json
2026-08-20 15:53:55,250 - DEBUG - Loaded backend Agg version v2.2.
2026-08-20 15:54:02,283 - INFO - Loading faiss with AVX2 support.
2026-08-20 15:54:02,301 - INFO - Successfully loaded faiss with AVX2 support.
2026-08-20 15:54:03,494 - DEBUG - matplotlib data path: /node_data/urp26su_dongwoo/anaconda3/envs/conceptgraph/lib/python3.10/site-packages/matplotlib/mpl-data
2026-08-20 15:54:03,498 - DEBUG - CONFIGDIR=/node_data/urp26su_dongwoo/.config/matplotlib
2026-08-20 15:54:03,499 - DEBUG - interactive is False
2026-08-20 15:54:03,499 - DEBUG - platform is linux
2026-08-20 15:54:03,518 - DEBUG - CACHEDIR=/node_data/urp26su_dongwoo/.cache/matplotlib
2026-08-20 15:54:03,520 - DEBUG - Using fontManager instance from /node_data/urp26su_dongwoo/.cache/matplotlib/fontlist-v390.json
2026-08-20 15:54:03,707 - DEBUG - Loaded backend Agg version v2.2.
2026-08-20 15:54:11,344 - INFO - Loading faiss with AVX2 support.
2026-08-20 15:54:11,365 - INFO - Successfully loaded faiss with AVX2 support.
2026-08-20 15:54:12,552 - DEBUG - matplotlib data path: /node_data/urp26su_dongwoo/anaconda3/envs/conceptgraph/lib/python3.10/site-packages/matplotlib/mpl-data
2026-08-20 15:54:12,556 - DEBUG - CONFIGDIR=/node_data/urp26su_dongwoo/.config/matplotlib
2026-08-20 15:54:12,557 - DEBUG - interactive is False
2026-08-20 15:54:12,557 - DEBUG - platform is linux
2026-08-20 15:54:12,575 - DEBUG - CACHEDIR=/node_data/urp26su_dongwoo/.cache/matplotlib
2026-08-20 15:54:12,577 - DEBUG - Using fontManager instance from /node_data/urp26su_dongwoo/.cache/matplotlib/fontlist-v390.json
2026-08-20 15:54:12,757 - DEBUG - Loaded backend Agg version v2.2.
2026-08-20 15:54:19,270 - INFO - Loading faiss with AVX2 support.
2026-08-20 15:54:19,288 - INFO - Successfully loaded faiss with AVX2 support.
2026-08-20 15:54:20,459 - DEBUG - matplotlib data path: /node_data/urp26su_dongwoo/anaconda3/envs/conceptgraph/lib/python3.10/site-packages/matplotlib/mpl-data
2026-08-20 15:54:20,464 - DEBUG - CONFIGDIR=/node_data/urp26su_dongwoo/.config/matplotlib
2026-08-20 15:54:20,465 - DEBUG - interactive is False
2026-08-20 15:54:20,465 - DEBUG - platform is linux
2026-08-20 15:54:20,482 - DEBUG - CACHEDIR=/node_data/urp26su_dongwoo/.cache/matplotlib
2026-08-20 15:54:20,484 - DEBUG - Using fontManager instance from /node_data/urp26su_dongwoo/.cache/matplotlib/fontlist-v390.json
2026-08-20 15:54:20,665 - DEBUG - Loaded backend Agg version v2.2.
2026-08-20 15:54:27,620 - INFO - Loading faiss with AVX2 support.
2026-08-20 15:54:27,637 - INFO - Successfully loaded faiss with AVX2 support.
2026-08-20 15:54:28,820 - DEBUG - matplotlib data path: /node_data/urp26su_dongwoo/anaconda3/envs/conceptgraph/lib/python3.10/site-packages/matplotlib/mpl-data
2026-08-20 15:54:28,824 - DEBUG - CONFIGDIR=/node_data/urp26su_dongwoo/.config/matplotlib
2026-08-20 15:54:28,825 - DEBUG - interactive is False
2026-08-20 15:54:28,826 - DEBUG - platform is linux
2026-08-20 15:54:28,843 - DEBUG - CACHEDIR=/node_data/urp26su_dongwoo/.cache/matplotlib
2026-08-20 15:54:28,846 - DEBUG - Using fontManager instance from /node_data/urp26su_dongwoo/.cache/matplotlib/fontlist-v390.json
2026-08-20 15:54:29,027 - DEBUG - Loaded backend Agg version v2.2.
2026-08-20 15:54:36,213 - INFO - Loading faiss with AVX2 support.
2026-08-20 15:54:36,231 - INFO - Successfully loaded faiss with AVX2 support.
2026-08-20 15:54:37,423 - DEBUG - matplotlib data path: /node_data/urp26su_dongwoo/anaconda3/envs/conceptgraph/lib/python3.10/site-packages/matplotlib/mpl-data
2026-08-20 15:54:37,427 - DEBUG - CONFIGDIR=/node_data/urp26su_dongwoo/.config/matplotlib
2026-08-20 15:54:37,428 - DEBUG - interactive is False
2026-08-20 15:54:37,428 - DEBUG - platform is linux
2026-08-20 15:54:37,446 - DEBUG - CACHEDIR=/node_data/urp26su_dongwoo/.cache/matplotlib
2026-08-20 15:54:37,448 - DEBUG - Using fontManager instance from /node_data/urp26su_dongwoo/.cache/matplotlib/fontlist-v390.json
2026-08-20 15:54:37,630 - DEBUG - Loaded backend Agg version v2.2.
2026-08-20 15:54:44,492 - INFO - Loading faiss with AVX2 support.
2026-08-20 15:54:44,510 - INFO - Successfully loaded faiss with AVX2 support.
2026-08-20 15:54:45,720 - DEBUG - matplotlib data path: /node_data/urp26su_dongwoo/anaconda3/envs/conceptgraph/lib/python3.10/site-packages/matplotlib/mpl-data
2026-08-20 15:54:45,724 - DEBUG - CONFIGDIR=/node_data/urp26su_dongwoo/.config/matplotlib
2026-08-20 15:54:45,725 - DEBUG - interactive is False
2026-08-20 15:54:45,725 - DEBUG - platform is linux
2026-08-20 15:54:45,743 - DEBUG - CACHEDIR=/node_data/urp26su_dongwoo/.cache/matplotlib
2026-08-20 15:54:45,745 - DEBUG - Using fontManager instance from /node_data/urp26su_dongwoo/.cache/matplotlib/fontlist-v390.json
2026-08-20 15:54:45,928 - DEBUG - Loaded backend Agg version v2.2.
2026-08-20 15:54:52,591 - INFO - Loading faiss with AVX2 support.
2026-08-20 15:54:52,609 - INFO - Successfully loaded faiss with AVX2 support.
2026-08-20 15:54:53,794 - DEBUG - matplotlib data path: /node_data/urp26su_dongwoo/anaconda3/envs/conceptgraph/lib/python3.10/site-packages/matplotlib/mpl-data
2026-08-20 15:54:53,799 - DEBUG - CONFIGDIR=/node_data/urp26su_dongwoo/.config/matplotlib
2026-08-20 15:54:53,800 - DEBUG - interactive is False
2026-08-20 15:54:53,800 - DEBUG - platform is linux
2026-08-20 15:54:53,817 - DEBUG - CACHEDIR=/node_data/urp26su_dongwoo/.cache/matplotlib
2026-08-20 15:54:53,820 - DEBUG - Using fontManager instance from /node_data/urp26su_dongwoo/.cache/matplotlib/fontlist-v390.json
2026-08-20 15:54:54,009 - DEBUG - Loaded backend Agg version v2.2.
2026-08-20 15:55:01,432 - INFO - Loading faiss with AVX2 support.
2026-08-20 15:55:01,450 - INFO - Successfully loaded faiss with AVX2 support.
2026-08-20 15:55:02,649 - DEBUG - matplotlib data path: /node_data/urp26su_dongwoo/anaconda3/envs/conceptgraph/lib/python3.10/site-packages/matplotlib/mpl-data
2026-08-20 15:55:02,654 - DEBUG - CONFIGDIR=/node_data/urp26su_dongwoo/.config/matplotlib
2026-08-20 15:55:02,655 - DEBUG - interactive is False
2026-08-20 15:55:02,655 - DEBUG - platform is linux
2026-08-20 15:55:02,673 - DEBUG - CACHEDIR=/node_data/urp26su_dongwoo/.cache/matplotlib
2026-08-20 15:55:02,675 - DEBUG - Using fontManager instance from /node_data/urp26su_dongwoo/.cache/matplotlib/fontlist-v390.json
2026-08-20 15:55:02,859 - DEBUG - Loaded backend Agg version v2.2.
